C51 COMPILER V9.54   ONEWIRE                                                               03/01/2024 21:27:08 PAGE 1   


C51 COMPILER V9.54, COMPILATION OF MODULE ONEWIRE
OBJECT MODULE PLACED IN .\Objects\onewire.obj
COMPILER INVOKED BY: D:\keil\KeilC51\C51\BIN\C51.EXE onewire.c OPTIMIZE(8,SPEED) BROWSE DEBUG OBJECTEXTEND PRINT(.\Listi
                    -ngs\onewire.lst) TABS(2) OBJECT(.\Objects\onewire.obj)

line level    source

   1          /*
   2            程序说明: 单总线驱动程序
   3            软件环境: Keil uVision 4.10 
   4            硬件环境: CT107单片机综合实训平台(外部晶振12MHz) STC89C52RC单片机
   5            日    期: 2011-8-9
   6          */
   7          #include "stc15f2k60s2.h"
   8          #include "absacc.h"
   9          #include "onewire.h"
  10          
  11          unsigned int Temp_Value;    //存储温度值，实际温度的100倍
  12          unsigned char Temp_Symbol;    //温度值符号，0正1负
  13          float Temp_F;
  14          
  15          sbit DQ = P1^4;  //单总线接口
  16          
  17          //单总线延时函数
  18          void Delay_OneWire(unsigned int t)  //STC89C52RC
  19          {
  20   1        unsigned char i;
  21   1        while(t--)
  22   1        {
  23   2          for(i=0;i<12;i++);
  24   2        }
  25   1      }
  26          
  27          //通过单总线向DS18B20写一个字节
  28          void Write_DS18B20(unsigned char dat)
  29          {
  30   1        unsigned char i;
  31   1        for(i=0;i<8;i++)
  32   1        {
  33   2          DQ = 0;
  34   2          DQ = dat&0x01;
  35   2          Delay_OneWire(5);
  36   2          DQ = 1;
  37   2          dat >>= 1;
  38   2        }
  39   1        Delay_OneWire(5);
  40   1      }
  41          
  42          //从DS18B20读取一个字节
  43          unsigned char Read_DS18B20(void)
  44          {
  45   1        unsigned char i;
  46   1        unsigned char dat;
  47   1        
  48   1        for(i=0;i<8;i++)
  49   1        {
  50   2          DQ = 0;
  51   2          dat >>= 1;
  52   2          DQ = 1;
  53   2          if(DQ)
  54   2          {
C51 COMPILER V9.54   ONEWIRE                                                               03/01/2024 21:27:08 PAGE 2   

  55   3            dat |= 0x80;
  56   3          }     
  57   2          Delay_OneWire(5);
  58   2        }
  59   1        return dat;
  60   1      }
  61          
  62          //DS18B20设备初始化
  63          bit init_ds18b20(void)
  64          {
  65   1          bit initflag = 0;
  66   1          
  67   1          DQ = 1;
  68   1          Delay_OneWire(12);
  69   1          DQ = 0;
  70   1          Delay_OneWire(80);
  71   1          DQ = 1;
  72   1          Delay_OneWire(10); 
  73   1          initflag = DQ;     
  74   1          Delay_OneWire(5);
  75   1        
  76   1          return initflag;
  77   1      }
  78          //读取DS18B20的温度值,温度值存储在全局变量中
  79          void rd_temperature(void)
  80          {
  81   1        unsigned char T_Low,T_High;
  82   1        unsigned int Tx_Int;
  83   1        init_ds18b20();       //初始化
  84   1        Write_DS18B20(0xCC);      //跳过ROM
  85   1        Write_DS18B20(0x44);    //启动转换
  86   1        Delay_OneWire(20);      //延时等待
  87   1        init_ds18b20();       //初始化
  88   1        Write_DS18B20(0xCC);    //跳过ROM
  89   1        Write_DS18B20(0xBE);    //发送读温度指令
  90   1        T_Low = Read_DS18B20();   //接收温度数据(9个字节)
  91   1        T_High = Read_DS18B20();
  92   1        Tx_Int = T_High;
  93   1        Tx_Int <<= 8;
  94   1        Tx_Int += T_Low;
  95   1      
  96   1        if(T_High & 0x80)//是否负温度
  97   1        {
  98   2          Temp_Symbol = 1;
  99   2          Tx_Int = ~Tx_Int + 1;
 100   2        }
 101   1        else
 102   1        {
 103   2          Temp_Symbol = 0;
 104   2        }
 105   1        Temp_F = Tx_Int*0.0625*100+0.5;
 106   1        Temp_Value = Temp_F;
 107   1      }
 108          
 109          
 110          
 111          
 112          
 113          
 114          


C51 COMPILER V9.54   ONEWIRE                                                               03/01/2024 21:27:08 PAGE 3   

MODULE INFORMATION:   STATIC OVERLAYABLE
   CODE SIZE        =    242    ----
   CONSTANT SIZE    =   ----    ----
   XDATA SIZE       =   ----    ----
   PDATA SIZE       =   ----    ----
   DATA SIZE        =      7    ----
   IDATA SIZE       =   ----    ----
   BIT SIZE         =   ----       1
END OF MODULE INFORMATION.


C51 COMPILATION COMPLETE.  0 WARNING(S),  0 ERROR(S)
